tar: Ignoring unknown extended header keyword 'SCHILY.fflags'
tar: Ignoring unknown extended header keyword 'SCHILY.fflags'
Resolving dependencies...
Downloading packages...
  material_color_utilities 0.13.0 (0.13.1 available)
  test_api 0.7.12 (0.7.14 available)
Got dependencies!
2 packages have newer versions incompatible with dependency constraints.
Try `flutter pub outdated` for more information.
Resolving dependencies...
Downloading packages...
  material_color_utilities 0.13.0 (0.13.1 available)
  test_api 0.7.12 (0.7.14 available)
Got dependencies!
2 packages have newer versions incompatible with dependency constraints.
Try `flutter pub outdated` for more information.
00:00 +0: loading /workspace/project/test/model_library_test.dart
00:00 +0: /workspace/project/test/model_library_test.dart: shared companions never attach another indexed variant receipt
00:00 +1: /workspace/project/test/model_package_test.dart: indexed MLX public package cancellation reopens Range ETag resume with proxy lineage
00:00 +2: /workspace/project/test/model_package_test.dart: indexed MLX public package cancellation reopens Range ETag resume with proxy lineage
00:00 +3: /workspace/project/test/model_package_test.dart: indexed MLX public package cancellation reopens Range ETag resume with proxy lineage
00:00 +4: /workspace/project/test/model_package_test.dart: indexed MLX public package cancellation reopens Range ETag resume with proxy lineage
00:00 +5: /workspace/project/test/model_package_test.dart: indexed MLX public package cancellation reopens Range ETag resume with proxy lineage
00:00 +6: /workspace/project/test/model_package_test.dart: indexed MLX public package cancellation reopens Range ETag resume with proxy lineage
00:00 +7: /workspace/project/test/model_library_test.dart: known manifests verify actual fingerprints and require upstream evidence before claiming source verification
00:00 +8: /workspace/project/test/model_package_test.dart: indexed MLX public downloadPackage preserves assets on missing
00:00 +9: /workspace/project/test/model_package_test.dart: indexed MLX public downloadPackage preserves assets on missing
00:00 +10: /workspace/project/test/model_package_test.dart: indexed MLX public downloadPackage preserves assets on missing
00:00 +11: /workspace/project/test/model_library_test.dart: selective verification succeeds while an unrelated real file is being written
selective verification phase: elapsed=6ms, unrelated mtime 1791214533896703->1791214533900703
00:00 +12: /workspace/project/test/model_package_test.dart: indexed MLX public downloadPackage preserves assets on checksum
00:00 +13: /workspace/project/test/model_package_test.dart: indexed MLX public downloadPackage preserves assets on offline
00:00 +14: /workspace/project/test/model_package_test.dart: indexed MLX public downloadPackage preserves assets on conflict
00:00 +15: /workspace/project/test/model_package_test.dart: indexed MLX public downloadPackage preserves assets on index-missing
00:00 +16: /workspace/project/test/model_package_test.dart: indexed MLX public downloadPackage preserves assets on mixed-unindexed
00:00 +17: /workspace/project/test/model_package_test.dart: GGUF receipt companions remain in scan verification and deletion
00:01 +18: /workspace/project/test/model_package_test.dart: indexed MLX download scan and verify retain all nine assets
00:01 +19: /workspace/project/test/model_package_test.dart: the fixed native Laya package includes its complete tokenizer and encoder configuration only
00:01 +20: /workspace/project/test/model_package_test.dart: locally reused files retain their fixed lineage and upstream verification after a library scan
00:01 +21: /workspace/project/test/model_package_test.dart: a GGUF quantization resolves its complete shards and companions
00:01 +22: /workspace/project/test/model_package_test.dart: package action reuses only complete full-hash verified installations
00:01 +23: /workspace/project/test/model_package_test.dart: a Safetensors folder package resolves its index tokenizer and head
00:02 +24: /workspace/project/test/model_package_test.dart: a model includes its sole projector and rejects ambiguous projectors
00:02 +25: All tests passed!
